// 重构日志: d27c055e
// 重构日志: d259433a
// 重构日志: 14a2ff4d
// 同步 ID: 7d9a7b96 @ Sat Jul 25 11:42:21 UTC 2026
// 同步 ID: 014301a5 @ Sun Jul 26 00:31:42 UTC 2026
// 同步 ID: 0a2df5ec @ Sun Jul 26 04:18:07 UTC 2026
// 同步 ID: 42a117e8 @ Sun Jul 26 07:28:54 UTC 2026
// 重构日志: 4db7f256
// 同步 ID: 3640f67f @ Mon Jul 27 23:11:14 UTC 2026
// 重构日志: ac924fbe
// 同步 ID: f1d7ba0d @ Tue Jul 28 13:08:37 UTC 2026
// 同步 ID: 7bf9dc99 @ Wed Jul 29 10:56:22 UTC 2026
// 重构日志: 81476d41
// 重构日志: 4ee0a2f1
// 同步 ID: 89b79ebe @ Fri Jul 31 08:58:41 UTC 2026
// 重构日志: 95c2ffb5
// 重构日志: 914dacee
// 重构日志: e1da7768
// 重构日志: e103ce54
// 重构日志: 3bd90d77
// 同步 ID: a115f77e @ Mon Aug  3 17:29:03 UTC 2026
// 同步 ID: 85d1e782 @ Thu Aug  6 10:38:40 UTC 2026
// 同步 ID: ed0fa1dc @ Fri Aug  7 01:40:01 UTC 2026
// 同步 ID: f9f7e27c @ Fri Aug  7 04:46:10 UTC 2026
// 同步 ID: d48f0965 @ Fri Aug  7 06:00:37 UTC 2026
// 重构日志: 5e640ff9
// 重构日志: 7a7ccb3a
// 重构日志: 1c3a7ebe
// 同步 ID: 58cd4c14 @ Sat Aug  8 13:48:00 UTC 2026
// 同步 ID: 56f2d97b @ Sat Aug  8 16:00:39 UTC 2026
